[C1] epoch  1/20 | train loss 1.4491 | val loss 1.1242 | val acc 0.6000 | val F1 0.5955 | 2.9 s
[C1] epoch  2/20 | train loss 1.0055 | val loss 0.9284 | val acc 0.6692 | val F1 0.6655 | 0.7 s
[C1] epoch  3/20 | train loss 0.8107 | val loss 0.8187 | val acc 0.7110 | val F1 0.7102 | 0.7 s
[C1] epoch  4/20 | train loss 0.6739 | val loss 0.8020 | val acc 0.7196 | val F1 0.7197 | 0.7 s
[C1] epoch  5/20 | train loss 0.5716 | val loss 0.7125 | val acc 0.7538 | val F1 0.7544 | 0.7 s
[C1] epoch  6/20 | train loss 0.4753 | val loss 0.7344 | val acc 0.7590 | val F1 0.7594 | 0.7 s
[C1] epoch  7/20 | train loss 0.3859 | val loss 0.7281 | val acc 0.7616 | val F1 0.7600 | 0.7 s
[C1] epoch  8/20 | train loss 0.3054 | val loss 0.8290 | val acc 0.7458 | val F1 0.7447 | 0.7 s
[C1] epoch  9/20 | train loss 0.2370 | val loss 0.8031 | val acc 0.7602 | val F1 0.7592 | 0.7 s
[C1] epoch 10/20 | train loss 0.1748 | val loss 0.8926 | val acc 0.7556 | val F1 0.7551 | 0.7 s
[C1] epoch 11/20 | train loss 0.1379 | val loss 1.0228 | val acc 0.7514 | val F1 0.7513 | 0.7 s
[C1] epoch 12/20 | train loss 0.1124 | val loss 1.1138 | val acc 0.7620 | val F1 0.7619 | 0.7 s
[C1] epoch 13/20 | train loss 0.0885 | val loss 1.2960 | val acc 0.7544 | val F1 0.7555 | 0.7 s
[C1] epoch 14/20 | train loss 0.0770 | val loss 1.3313 | val acc 0.7574 | val F1 0.7565 | 0.7 s
[C1] epoch 15/20 | train loss 0.0791 | val loss 1.3314 | val acc 0.7478 | val F1 0.7496 | 0.7 s
[C1] epoch 16/20 | train loss 0.0755 | val loss 1.4722 | val acc 0.7364 | val F1 0.7419 | 0.8 s
[C1] epoch 17/20 | train loss 0.0613 | val loss 1.4299 | val acc 0.7500 | val F1 0.7507 | 0.7 s
[C1] epoch 18/20 | train loss 0.0593 | val loss 1.5749 | val acc 0.7516 | val F1 0.7531 | 0.8 s
[C1] epoch 19/20 | train loss 0.0710 | val loss 1.5986 | val acc 0.7512 | val F1 0.7501 | 0.7 s
[C1] epoch 20/20 | train loss 0.0468 | val loss 1.6318 | val acc 0.7436 | val F1 0.7442 | 0.7 s
[C2] epoch  1/30 | train loss 1.5764 | val loss 1.2286 | val acc 0.5450 | val F1 0.5301 | 2.7 s
[C2] epoch  2/30 | train loss 1.1222 | val loss 0.9538 | val acc 0.6558 | val F1 0.6572 | 1.3 s
[C2] epoch  3/30 | train loss 0.9304 | val loss 0.8728 | val acc 0.6954 | val F1 0.6966 | 1.3 s
[C2] epoch  4/30 | train loss 0.8208 | val loss 0.8273 | val acc 0.7168 | val F1 0.7124 | 1.3 s
[C2] epoch  5/30 | train loss 0.7390 | val loss 0.6841 | val acc 0.7652 | val F1 0.7656 | 1.3 s
[C2] epoch  6/30 | train loss 0.6836 | val loss 0.5733 | val acc 0.8050 | val F1 0.8056 | 1.2 s
[C2] epoch  7/30 | train loss 0.6241 | val loss 0.5751 | val acc 0.8004 | val F1 0.7988 | 1.2 s
[C2] epoch  8/30 | train loss 0.5766 | val loss 0.5555 | val acc 0.8174 | val F1 0.8157 | 1.2 s
[C2] epoch  9/30 | train loss 0.5406 | val loss 0.4624 | val acc 0.8424 | val F1 0.8414 | 1.2 s
[C2] epoch 10/30 | train loss 0.5020 | val loss 0.4487 | val acc 0.8488 | val F1 0.8471 | 1.5 s
[C2] epoch 11/30 | train loss 0.4722 | val loss 0.4383 | val acc 0.8554 | val F1 0.8539 | 1.5 s
[C2] epoch 12/30 | train loss 0.4427 | val loss 0.4285 | val acc 0.8558 | val F1 0.8551 | 1.2 s
[C2] epoch 13/30 | train loss 0.4186 | val loss 0.4258 | val acc 0.8552 | val F1 0.8515 | 1.2 s
[C2] epoch 14/30 | train loss 0.3919 | val loss 0.4445 | val acc 0.8526 | val F1 0.8519 | 1.2 s
[C2] epoch 15/30 | train loss 0.3667 | val loss 0.4130 | val acc 0.8636 | val F1 0.8622 | 1.3 s
[C2] epoch 16/30 | train loss 0.3457 | val loss 0.3495 | val acc 0.8880 | val F1 0.8880 | 1.2 s
[C2] epoch 17/30 | train loss 0.3215 | val loss 0.3706 | val acc 0.8776 | val F1 0.8778 | 1.2 s
[C2] epoch 18/30 | train loss 0.3065 | val loss 0.3374 | val acc 0.8870 | val F1 0.8871 | 1.2 s
[C2] epoch 19/30 | train loss 0.2905 | val loss 0.3271 | val acc 0.8910 | val F1 0.8906 | 1.3 s
[C2] epoch 20/30 | train loss 0.2724 | val loss 0.3375 | val acc 0.8930 | val F1 0.8921 | 1.2 s
[C2] epoch 21/30 | train loss 0.2604 | val loss 0.3197 | val acc 0.8972 | val F1 0.8963 | 1.2 s
[C2] epoch 22/30 | train loss 0.2421 | val loss 0.3135 | val acc 0.9012 | val F1 0.9008 | 1.6 s
[C2] epoch 23/30 | train loss 0.2314 | val loss 0.3123 | val acc 0.9002 | val F1 0.9000 | 1.3 s
[C2] epoch 24/30 | train loss 0.2245 | val loss 0.3032 | val acc 0.9016 | val F1 0.9013 | 1.3 s
[C2] epoch 25/30 | train loss 0.2130 | val loss 0.3048 | val acc 0.9020 | val F1 0.9017 | 1.3 s
[C2] epoch 26/30 | train loss 0.2032 | val loss 0.3041 | val acc 0.9024 | val F1 0.9024 | 1.2 s
[C2] epoch 27/30 | train loss 0.1991 | val loss 0.3041 | val acc 0.9024 | val F1 0.9023 | 1.2 s
[C2] epoch 28/30 | train loss 0.1992 | val loss 0.3015 | val acc 0.9026 | val F1 0.9025 | 1.2 s
[C2] epoch 29/30 | train loss 0.1985 | val loss 0.3024 | val acc 0.9030 | val F1 0.9029 | 1.2 s
[C2] epoch 30/30 | train loss 0.1959 | val loss 0.3004 | val acc 0.9034 | val F1 0.9033 | 1.3 s
[C3] epoch  1/40 | train loss 1.4621 | val loss 1.1765 | val acc 0.5842 | val F1 0.5826 | 1.2 s
[C3] epoch  2/40 | train loss 1.0603 | val loss 0.9417 | val acc 0.6638 | val F1 0.6621 | 1.2 s
[C3] epoch  3/40 | train loss 0.9577 | val loss 0.8288 | val acc 0.7140 | val F1 0.7097 | 1.3 s
[C3] epoch  4/40 | train loss 0.9125 | val loss 0.9162 | val acc 0.6984 | val F1 0.6973 | 1.2 s
[C3] epoch  5/40 | train loss 0.8186 | val loss 0.8765 | val acc 0.7086 | val F1 0.7153 | 1.2 s
[C3] epoch  6/40 | train loss 0.7081 | val loss 0.6213 | val acc 0.7918 | val F1 0.7886 | 1.2 s
[C3] epoch  7/40 | train loss 0.6201 | val loss 0.5854 | val acc 0.7994 | val F1 0.7996 | 1.2 s
[C3] epoch  8/40 | train loss 0.5753 | val loss 0.6007 | val acc 0.8018 | val F1 0.8002 | 1.2 s
[C3] epoch  9/40 | train loss 0.5397 | val loss 0.5374 | val acc 0.8204 | val F1 0.8192 | 1.2 s
[C3] epoch 10/40 | train loss 0.5174 | val loss 0.6285 | val acc 0.7978 | val F1 0.7951 | 1.3 s
[C3] epoch 11/40 | train loss 0.4976 | val loss 0.4830 | val acc 0.8438 | val F1 0.8419 | 1.2 s
[C3] epoch 12/40 | train loss 0.4804 | val loss 0.5188 | val acc 0.8288 | val F1 0.8296 | 1.3 s
[C3] epoch 13/40 | train loss 0.4668 | val loss 0.4861 | val acc 0.8362 | val F1 0.8379 | 1.2 s
[C3] epoch 14/40 | train loss 0.4450 | val loss 0.5559 | val acc 0.8200 | val F1 0.8183 | 1.2 s
[C3] epoch 15/40 | train loss 0.4310 | val loss 0.4916 | val acc 0.8378 | val F1 0.8363 | 1.2 s
[C3] epoch 16/40 | train loss 0.4260 | val loss 0.6150 | val acc 0.8010 | val F1 0.7980 | 1.2 s
[C3] epoch 17/40 | train loss 0.4081 | val loss 0.4768 | val acc 0.8442 | val F1 0.8451 | 1.2 s
[C3] epoch 18/40 | train loss 0.3991 | val loss 0.6497 | val acc 0.7930 | val F1 0.7953 | 1.2 s
[C3] epoch 19/40 | train loss 0.3926 | val loss 0.5743 | val acc 0.8138 | val F1 0.8153 | 1.2 s
[C3] epoch 20/40 | train loss 0.3793 | val loss 0.4448 | val acc 0.8452 | val F1 0.8462 | 1.2 s
[C3] epoch 21/40 | train loss 0.3718 | val loss 0.4613 | val acc 0.8494 | val F1 0.8496 | 1.2 s
[C3] epoch 22/40 | train loss 0.3583 | val loss 0.5261 | val acc 0.8274 | val F1 0.8283 | 1.2 s
[C3] epoch 23/40 | train loss 0.3518 | val loss 0.4350 | val acc 0.8560 | val F1 0.8567 | 1.2 s
[C3] epoch 24/40 | train loss 0.3350 | val loss 0.3847 | val acc 0.8708 | val F1 0.8715 | 1.2 s
[C3] epoch 25/40 | train loss 0.3254 | val loss 0.4760 | val acc 0.8556 | val F1 0.8553 | 1.2 s
[C3] epoch 26/40 | train loss 0.3150 | val loss 0.3606 | val acc 0.8784 | val F1 0.8782 | 1.2 s
[C3] epoch 27/40 | train loss 0.2992 | val loss 0.3658 | val acc 0.8816 | val F1 0.8812 | 1.2 s
[C3] epoch 28/40 | train loss 0.2847 | val loss 0.3171 | val acc 0.8966 | val F1 0.8972 | 1.2 s
[C3] epoch 29/40 | train loss 0.2732 | val loss 0.3808 | val acc 0.8748 | val F1 0.8748 | 1.2 s
[C3] epoch 30/40 | train loss 0.2567 | val loss 0.3158 | val acc 0.8946 | val F1 0.8947 | 1.2 s
[C3] epoch 31/40 | train loss 0.2347 | val loss 0.4149 | val acc 0.8752 | val F1 0.8739 | 1.4 s
[C3] epoch 32/40 | train loss 0.2173 | val loss 0.3180 | val acc 0.9020 | val F1 0.9015 | 1.2 s
[C3] epoch 33/40 | train loss 0.1923 | val loss 0.2812 | val acc 0.9126 | val F1 0.9126 | 1.2 s
[C3] epoch 34/40 | train loss 0.1749 | val loss 0.2986 | val acc 0.9026 | val F1 0.9026 | 1.2 s
[C3] epoch 35/40 | train loss 0.1499 | val loss 0.2642 | val acc 0.9150 | val F1 0.9143 | 1.2 s
[C3] epoch 36/40 | train loss 0.1249 | val loss 0.2501 | val acc 0.9210 | val F1 0.9206 | 1.2 s
[C3] epoch 37/40 | train loss 0.1035 | val loss 0.2518 | val acc 0.9216 | val F1 0.9213 | 1.3 s
[C3] epoch 38/40 | train loss 0.0872 | val loss 0.2426 | val acc 0.9260 | val F1 0.9260 | 1.3 s
[C3] epoch 39/40 | train loss 0.0790 | val loss 0.2400 | val acc 0.9260 | val F1 0.9258 | 1.6 s
[C3] epoch 40/40 | train loss 0.0750 | val loss 0.2388 | val acc 0.9264 | val F1 0.9262 | 1.5 s
[C4] epoch  1/40 | train loss 1.4907 | val loss 1.0894 | val acc 0.6120 | val F1 0.6005 | 4.1 s
[C4] epoch  2/40 | train loss 1.0571 | val loss 0.9384 | val acc 0.6762 | val F1 0.6785 | 1.6 s
[C4] epoch  3/40 | train loss 0.9222 | val loss 0.9842 | val acc 0.6636 | val F1 0.6527 | 1.6 s
[C4] epoch  4/40 | train loss 0.8695 | val loss 0.7872 | val acc 0.7370 | val F1 0.7381 | 1.6 s
[C4] epoch  5/40 | train loss 0.8018 | val loss 0.7951 | val acc 0.7424 | val F1 0.7407 | 1.6 s
[C4] epoch  6/40 | train loss 0.7171 | val loss 0.8674 | val acc 0.7306 | val F1 0.7192 | 1.5 s
[C4] epoch  7/40 | train loss 0.6478 | val loss 0.6872 | val acc 0.7684 | val F1 0.7686 | 1.5 s
[C4] epoch  8/40 | train loss 0.5917 | val loss 0.7117 | val acc 0.7622 | val F1 0.7643 | 1.5 s
[C4] epoch  9/40 | train loss 0.5493 | val loss 0.5699 | val acc 0.8158 | val F1 0.8130 | 1.5 s
[C4] epoch 10/40 | train loss 0.5161 | val loss 0.8011 | val acc 0.7462 | val F1 0.7480 | 1.5 s
[C4] epoch 11/40 | train loss 0.4903 | val loss 0.5663 | val acc 0.8104 | val F1 0.8077 | 1.5 s
[C4] epoch 12/40 | train loss 0.4704 | val loss 0.6073 | val acc 0.8044 | val F1 0.8036 | 1.5 s
[C4] epoch 13/40 | train loss 0.4528 | val loss 0.5505 | val acc 0.8332 | val F1 0.8338 | 1.5 s
[C4] epoch 14/40 | train loss 0.4388 | val loss 0.5191 | val acc 0.8292 | val F1 0.8280 | 1.5 s
[C4] epoch 15/40 | train loss 0.4284 | val loss 0.5452 | val acc 0.8298 | val F1 0.8276 | 1.5 s
[C4] epoch 16/40 | train loss 0.4163 | val loss 0.5550 | val acc 0.8232 | val F1 0.8254 | 1.5 s
[C4] epoch 17/40 | train loss 0.4071 | val loss 0.4658 | val acc 0.8478 | val F1 0.8465 | 1.5 s
[C4] epoch 18/40 | train loss 0.3956 | val loss 0.4497 | val acc 0.8456 | val F1 0.8467 | 1.5 s
[C4] epoch 19/40 | train loss 0.3851 | val loss 0.5057 | val acc 0.8356 | val F1 0.8354 | 1.5 s
[C4] epoch 20/40 | train loss 0.3680 | val loss 0.4912 | val acc 0.8460 | val F1 0.8452 | 1.5 s
[C4] epoch 21/40 | train loss 0.3657 | val loss 0.4618 | val acc 0.8522 | val F1 0.8494 | 1.6 s
[C4] epoch 22/40 | train loss 0.3576 | val loss 0.5851 | val acc 0.8256 | val F1 0.8262 | 1.6 s
[C4] epoch 23/40 | train loss 0.3432 | val loss 0.3877 | val acc 0.8694 | val F1 0.8700 | 1.6 s
[C4] epoch 24/40 | train loss 0.3296 | val loss 0.4449 | val acc 0.8542 | val F1 0.8550 | 1.5 s
[C4] epoch 25/40 | train loss 0.3263 | val loss 0.3526 | val acc 0.8832 | val F1 0.8824 | 1.5 s
[C4] epoch 26/40 | train loss 0.3087 | val loss 0.3936 | val acc 0.8670 | val F1 0.8662 | 1.5 s
[C4] epoch 27/40 | train loss 0.3008 | val loss 0.4606 | val acc 0.8526 | val F1 0.8540 | 1.5 s
[C4] epoch 28/40 | train loss 0.2867 | val loss 0.3359 | val acc 0.8878 | val F1 0.8872 | 1.5 s
[C4] epoch 29/40 | train loss 0.2682 | val loss 0.3756 | val acc 0.8750 | val F1 0.8760 | 1.5 s
[C4] epoch 30/40 | train loss 0.2485 | val loss 0.3289 | val acc 0.9008 | val F1 0.9005 | 1.5 s
[C4] epoch 31/40 | train loss 0.2307 | val loss 0.3205 | val acc 0.8940 | val F1 0.8933 | 1.5 s
[C4] epoch 32/40 | train loss 0.2102 | val loss 0.2988 | val acc 0.9002 | val F1 0.8990 | 1.5 s
[C4] epoch 33/40 | train loss 0.1826 | val loss 0.2904 | val acc 0.9030 | val F1 0.9028 | 1.5 s
[C4] epoch 34/40 | train loss 0.1592 | val loss 0.2808 | val acc 0.9172 | val F1 0.9170 | 1.5 s
[C4] epoch 35/40 | train loss 0.1322 | val loss 0.2815 | val acc 0.9154 | val F1 0.9152 | 1.7 s
[C4] epoch 36/40 | train loss 0.1075 | val loss 0.2701 | val acc 0.9218 | val F1 0.9219 | 1.6 s
[C4] epoch 37/40 | train loss 0.0848 | val loss 0.2641 | val acc 0.9266 | val F1 0.9264 | 1.6 s
[C4] epoch 38/40 | train loss 0.0720 | val loss 0.2565 | val acc 0.9294 | val F1 0.9294 | 1.5 s
[C4] epoch 39/40 | train loss 0.0592 | val loss 0.2556 | val acc 0.9284 | val F1 0.9284 | 1.6 s
[C4] epoch 40/40 | train loss 0.0564 | val loss 0.2550 | val acc 0.9314 | val F1 0.9315 | 1.6 s
[F1] epoch  1/8 | train loss 0.6270 | val loss 0.4533 | val acc 0.8426 | val F1 0.8400 | 33.3 s
[F1] epoch  2/8 | train loss 0.4009 | val loss 0.3950 | val acc 0.8756 | val F1 0.8750 | 32.0 s
[F1] epoch  3/8 | train loss 0.3199 | val loss 0.3765 | val acc 0.8754 | val F1 0.8757 | 32.6 s
[F1] epoch  4/8 | train loss 0.2717 | val loss 0.4249 | val acc 0.8748 | val F1 0.8752 | 32.4 s
[F1] epoch  5/8 | train loss 0.2589 | val loss 0.4202 | val acc 0.8770 | val F1 0.8773 | 32.3 s
[F1] epoch  6/8 | train loss 0.2280 | val loss 0.4592 | val acc 0.8820 | val F1 0.8823 | 32.3 s
[F1] epoch  7/8 | train loss 0.2277 | val loss 0.4748 | val acc 0.8740 | val F1 0.8745 | 32.7 s
[F1] epoch  8/8 | train loss 0.2027 | val loss 0.4494 | val acc 0.8826 | val F1 0.8835 | 32.3 s
[F2] epoch  1/8 | train loss 0.6080 | val loss 0.3793 | val acc 0.8662 | val F1 0.8652 | 32.3 s
[F2] epoch  2/8 | train loss 0.4279 | val loss 0.3291 | val acc 0.8864 | val F1 0.8862 | 32.3 s
[F2] epoch  3/8 | train loss 0.3661 | val loss 0.3104 | val acc 0.8946 | val F1 0.8944 | 31.9 s
[F2] epoch  4/8 | train loss 0.3242 | val loss 0.2935 | val acc 0.8990 | val F1 0.8990 | 30.5 s
[F2] epoch  5/8 | train loss 0.2850 | val loss 0.2849 | val acc 0.9052 | val F1 0.9052 | 30.2 s
[F2] epoch  6/8 | train loss 0.2545 | val loss 0.2778 | val acc 0.9038 | val F1 0.9037 | 30.2 s
[F2] epoch  7/8 | train loss 0.2364 | val loss 0.2723 | val acc 0.9076 | val F1 0.9076 | 30.2 s
[F2] epoch  8/8 | train loss 0.2222 | val loss 0.2711 | val acc 0.9084 | val F1 0.9084 | 30.2 s
[F3] epoch  1/8 | train loss 0.6220 | val loss 0.3921 | val acc 0.8608 | val F1 0.8601 | 29.0 s
[F3] epoch  2/8 | train loss 0.4723 | val loss 0.3420 | val acc 0.8802 | val F1 0.8798 | 29.4 s
[F3] epoch  3/8 | train loss 0.4129 | val loss 0.3324 | val acc 0.8826 | val F1 0.8820 | 29.6 s
[F3] epoch  4/8 | train loss 0.3740 | val loss 0.3105 | val acc 0.8956 | val F1 0.8956 | 29.3 s
[F3] epoch  5/8 | train loss 0.3398 | val loss 0.2963 | val acc 0.8972 | val F1 0.8970 | 29.1 s
[F3] epoch  6/8 | train loss 0.3090 | val loss 0.2877 | val acc 0.9038 | val F1 0.9035 | 29.2 s
[F3] epoch  7/8 | train loss 0.2911 | val loss 0.2851 | val acc 0.9036 | val F1 0.9034 | 28.9 s
[F3] epoch  8/8 | train loss 0.2813 | val loss 0.2826 | val acc 0.9038 | val F1 0.9037 | 28.9 s
[F4] epoch  1/8 | train loss 0.6051 | val loss 0.4102 | val acc 0.8512 | val F1 0.8503 | 13.9 s
[F4] epoch  2/8 | train loss 0.4506 | val loss 0.3487 | val acc 0.8772 | val F1 0.8767 | 13.0 s
[F4] epoch  3/8 | train loss 0.3914 | val loss 0.3282 | val acc 0.8854 | val F1 0.8852 | 13.0 s
[F4] epoch  4/8 | train loss 0.3516 | val loss 0.3171 | val acc 0.8906 | val F1 0.8906 | 13.0 s
[F4] epoch  5/8 | train loss 0.3112 | val loss 0.3036 | val acc 0.8944 | val F1 0.8943 | 13.0 s
[F4] epoch  6/8 | train loss 0.2813 | val loss 0.2986 | val acc 0.8976 | val F1 0.8974 | 13.0 s
[F4] epoch  7/8 | train loss 0.2636 | val loss 0.2957 | val acc 0.8976 | val F1 0.8974 | 13.0 s
[F4] epoch  8/8 | train loss 0.2553 | val loss 0.2934 | val acc 0.8992 | val F1 0.8991 | 13.0 s
[T1] epoch  1/8 | train loss 0.5290 | val loss 0.3324 | val acc 0.8872 | val F1 0.8859 | 31.8 s
[T1] epoch  2/8 | train loss 0.3488 | val loss 0.2694 | val acc 0.9072 | val F1 0.9070 | 32.0 s
[T1] epoch  3/8 | train loss 0.2857 | val loss 0.2575 | val acc 0.9116 | val F1 0.9111 | 32.2 s
[T1] epoch  4/8 | train loss 0.2466 | val loss 0.2462 | val acc 0.9178 | val F1 0.9175 | 32.7 s
[T1] epoch  5/8 | train loss 0.2125 | val loss 0.2355 | val acc 0.9224 | val F1 0.9223 | 32.6 s
[T1] epoch  6/8 | train loss 0.1891 | val loss 0.2329 | val acc 0.9248 | val F1 0.9246 | 32.0 s
[T1] epoch  7/8 | train loss 0.1787 | val loss 0.2286 | val acc 0.9248 | val F1 0.9245 | 31.9 s
[T1] epoch  8/8 | train loss 0.1711 | val loss 0.2260 | val acc 0.9266 | val F1 0.9264 | 31.9 s
[T2] epoch  1/8 | train loss 0.4714 | val loss 0.2838 | val acc 0.9044 | val F1 0.9034 | 44.7 s
[T2] epoch  2/8 | train loss 0.2874 | val loss 0.2345 | val acc 0.9184 | val F1 0.9185 | 42.1 s
[T2] epoch  3/8 | train loss 0.2248 | val loss 0.2197 | val acc 0.9248 | val F1 0.9245 | 40.9 s
[T2] epoch  4/8 | train loss 0.1856 | val loss 0.2010 | val acc 0.9322 | val F1 0.9320 | 41.0 s
[T2] epoch  5/8 | train loss 0.1519 | val loss 0.1986 | val acc 0.9350 | val F1 0.9349 | 41.0 s
[T2] epoch  6/8 | train loss 0.1343 | val loss 0.1961 | val acc 0.9376 | val F1 0.9377 | 41.0 s
[T2] epoch  7/8 | train loss 0.1194 | val loss 0.1935 | val acc 0.9372 | val F1 0.9371 | 41.0 s
[T2] epoch  8/8 | train loss 0.1141 | val loss 0.1921 | val acc 0.9368 | val F1 0.9367 | 41.0 s
[T3] epoch  1/8 | train loss 0.4570 | val loss 0.2786 | val acc 0.9058 | val F1 0.9050 | 52.1 s
[T3] epoch  2/8 | train loss 0.2705 | val loss 0.2152 | val acc 0.9264 | val F1 0.9261 | 51.3 s
[T3] epoch  3/8 | train loss 0.2076 | val loss 0.1973 | val acc 0.9332 | val F1 0.9331 | 51.2 s
[T3] epoch  4/8 | train loss 0.1712 | val loss 0.1955 | val acc 0.9328 | val F1 0.9326 | 51.2 s
[T3] epoch  5/8 | train loss 0.1363 | val loss 0.1850 | val acc 0.9418 | val F1 0.9418 | 51.2 s
[T3] epoch  6/8 | train loss 0.1193 | val loss 0.1795 | val acc 0.9454 | val F1 0.9455 | 51.2 s
[T3] epoch  7/8 | train loss 0.1018 | val loss 0.1782 | val acc 0.9448 | val F1 0.9447 | 51.2 s
[T3] epoch  8/8 | train loss 0.0982 | val loss 0.1773 | val acc 0.9460 | val F1 0.9460 | 51.2 s
[T4] epoch  1/8 | train loss 0.5535 | val loss 0.3413 | val acc 0.8802 | val F1 0.8788 | 41.2 s
[T4] epoch  2/8 | train loss 0.3756 | val loss 0.2816 | val acc 0.9038 | val F1 0.9035 | 41.0 s
[T4] epoch  3/8 | train loss 0.3098 | val loss 0.2620 | val acc 0.9100 | val F1 0.9095 | 41.0 s
[T4] epoch  4/8 | train loss 0.2703 | val loss 0.2483 | val acc 0.9162 | val F1 0.9161 | 41.0 s
[T4] epoch  5/8 | train loss 0.2376 | val loss 0.2396 | val acc 0.9182 | val F1 0.9180 | 41.0 s
[T4] epoch  6/8 | train loss 0.2163 | val loss 0.2372 | val acc 0.9204 | val F1 0.9201 | 41.2 s
[T4] epoch  7/8 | train loss 0.2021 | val loss 0.2338 | val acc 0.9204 | val F1 0.9200 | 41.0 s
[T4] epoch  8/8 | train loss 0.1916 | val loss 0.2313 | val acc 0.9198 | val F1 0.9195 | 41.1 s
[T5] epoch  1/8 | train loss 0.4688 | val loss 0.2871 | val acc 0.9014 | val F1 0.9008 | 41.1 s
[T5] epoch  2/8 | train loss 0.2533 | val loss 0.2220 | val acc 0.9238 | val F1 0.9242 | 41.0 s
[T5] epoch  3/8 | train loss 0.1794 | val loss 0.2071 | val acc 0.9316 | val F1 0.9317 | 41.1 s
[T5] epoch  4/8 | train loss 0.1312 | val loss 0.1988 | val acc 0.9384 | val F1 0.9380 | 41.0 s
[T5] epoch  5/8 | train loss 0.0868 | val loss 0.1913 | val acc 0.9420 | val F1 0.9418 | 41.2 s
[T5] epoch  6/8 | train loss 0.0607 | val loss 0.1707 | val acc 0.9478 | val F1 0.9479 | 41.4 s
[T5] epoch  7/8 | train loss 0.0447 | val loss 0.1690 | val acc 0.9488 | val F1 0.9488 | 41.6 s
[T5] epoch  8/8 | train loss 0.0383 | val loss 0.1706 | val acc 0.9490 | val F1 0.9490 | 41.3 s
[T6] epoch  1/8 | train loss 0.4428 | val loss 0.2655 | val acc 0.9100 | val F1 0.9095 | 51.6 s
[T6] epoch  2/8 | train loss 0.2466 | val loss 0.2144 | val acc 0.9276 | val F1 0.9269 | 55.1 s
[T6] epoch  3/8 | train loss 0.1802 | val loss 0.2009 | val acc 0.9320 | val F1 0.9320 | 55.9 s
[T6] epoch  4/8 | train loss 0.1410 | val loss 0.1794 | val acc 0.9430 | val F1 0.9429 | 52.9 s
[T6] epoch  5/8 | train loss 0.1018 | val loss 0.1847 | val acc 0.9430 | val F1 0.9431 | 55.5 s
[T6] epoch  6/8 | train loss 0.0822 | val loss 0.1743 | val acc 0.9476 | val F1 0.9477 | 53.1 s
[T6] epoch  7/8 | train loss 0.0659 | val loss 0.1731 | val acc 0.9498 | val F1 0.9497 | 56.9 s
[T6] epoch  8/8 | train loss 0.0593 | val loss 0.1724 | val acc 0.9500 | val F1 0.9500 | 62.3 s
[C4-10%] epoch 40/40 | train loss 0.5150 | val loss 0.8481 | val acc 0.7288 | val F1 0.7277 | 0.2 s
[F2-10%] epoch  8/8 | train loss 0.3179 | val loss 0.4270 | val acc 0.8498 | val F1 0.8490 | 3.7 s
[T6-10%] epoch  8/8 | train loss 0.0953 | val loss 0.3325 | val acc 0.8976 | val F1 0.8974 | 6.1 s
